
Running Gradle task 'assembleDebug'...                          
Checking the license for package Android SDK Build-Tools 33.0.1 in /usr/local/lib/android/sdk/licenses
License for package Android SDK Build-Tools 33.0.1 accepted.
Preparing "Install Android SDK Build-Tools 33.0.1 v.33.0.1".
"Install Android SDK Build-Tools 33.0.1 v.33.0.1" ready.
Installing Android SDK Build-Tools 33.0.1 in /usr/local/lib/android/sdk/build-tools/33.0.1
"Install Android SDK Build-Tools 33.0.1 v.33.0.1" complete.
"Install Android SDK Build-Tools 33.0.1 v.33.0.1" finished.
lib/data/datasources/remote/firestore_service.dart:214:27: Error: The getter 'NivelUsuario' isn't defined for the class 'FirestoreService'.
 - 'FirestoreService' is from 'package:supready/data/datasources/remote/firestore_service.dart' ('lib/data/datasources/remote/firestore_service.dart').
Try correcting the name to the name of an existing getter, or defining a getter or field named 'NivelUsuario'.
        nivelExperiencia: NivelUsuario.iniciante,
                          ^^^^^^^^^^^^
Target kernel_snapshot failed: Exception

Note: Some input files use or override a deprecated API.
Note: Recompile with -Xlint:deprecation for details.

FAILURE: Build failed with an exception.

* What went wrong:
Execution failed for task ':app:compileFlutterBuildDebug'.
> Process 'command '/opt/hostedtoolcache/flutter/stable-3.22.3-x64/flutter/bin/flutter'' finished with non-zero exit value 1

* Try:
> Run with --stacktrace option to get the stack trace.
> Run with --info or --debug option to get more log output.
> Run with --scan to get full insights.
> Get more help at https://help.gradle.org.

BUILD FAILED in 2m 56s
Running Gradle task 'assembleDebug'...                            177.4s
Gradle task assembleDebug failed with exit code 1
